
==========================================================================
    CONCURRENT MULTI-THREADED CSMA & CSMA/CD SIMULATOR (POSIX pthreads)  
==========================================================================
Contending Station Threads  : 10
MAC Protocol Strategy       : 1-Persistent CSMA
Frames per Station          : 5
Slot Time (2 * Tau)         : 4.00 ms
Frame Transmission Time     : 8.00 ms (64 Bytes)
Jamming Signal Pattern      : 32-bit (0x55555555)
Synchronization Primitives  : POSIX pthread_mutex_t & pthread_cond_t
Detailed Execution Log File : logs/csma_simulation.log
==========================================================================

[20:40:15.721] [INFO] [Station 02] Transmitting frame #1 (attempt 1)
[20:40:15.721] [COLL] [Station 10] Collision voltage spike: 2.0V on wire!
[20:40:15.722] [COLL] [Station 01] Collision voltage spike: 3.0V on wire!
[20:40:15.722] [COLL] [Station 05] Collision voltage spike: 4.0V on wire!
[20:40:15.722] [COLL] [Station 04] Collision voltage spike: 5.0V on wire!
[20:40:15.729] [COLL] [Station 02] Collided -> Uniform random backoff 8.00 ms (try 1)
[20:40:15.730] [COLL] [Station 10] Collided -> Uniform random backoff 24.00 ms (try 1)
[20:40:15.730] [COLL] [Station 05] Collided -> Uniform random backoff 36.00 ms (try 1)
[20:40:15.730] [COLL] [Station 01] Collided -> Uniform random backoff 28.00 ms (try 1)
[20:40:15.730] [COLL] [Station 04] Collided -> Uniform random backoff 36.00 ms (try 1)
[20:40:15.730] [INFO] [Station 06] Transmitting frame #1 (attempt 1)
[20:40:15.731] [COLL] [Station 07] Collision voltage spike: 2.0V on wire!
[20:40:15.731] [COLL] [Station 09] Collision voltage spike: 3.0V on wire!
[20:40:15.731] [COLL] [Station 03] Collision voltage spike: 4.0V on wire!
[20:40:15.731] [COLL] [Station 08] Collision voltage spike: 5.0V on wire!
[20:40:15.739] [COLL] [Station 06] Collided -> Uniform random backoff 44.00 ms (try 1)
[20:40:15.739] [COLL] [Station 07] Collided -> Uniform random backoff 16.00 ms (try 1)
[20:40:15.739] [COLL] [Station 09] Collided -> Uniform random backoff 8.00 ms (try 1)
[20:40:15.739] [COLL] [Station 03] Collided -> Uniform random backoff 16.00 ms (try 1)
[20:40:15.740] [COLL] [Station 08] Collided -> Uniform random backoff 60.00 ms (try 1)
[20:40:15.740] [INFO] [Station 02] Transmitting frame #1 (attempt 2)
[20:40:15.748] [SUCC] [Station 02] Frame #1 delivered successfully! (latency: 27.18 ms, throughput: 18.84 kbps)
[20:40:15.748] [INFO] [Station 09] Transmitting frame #1 (attempt 2)
[20:40:15.757] [SUCC] [Station 09] Frame #1 delivered successfully! (latency: 30.11 ms, throughput: 17.00 kbps)
[20:40:15.757] [INFO] [Station 03] Transmitting frame #1 (attempt 2)
[20:40:15.757] [COLL] [Station 10] Collision voltage spike: 2.0V on wire!
[20:40:15.757] [COLL] [Station 02] Collision voltage spike: 3.0V on wire!
[20:40:15.757] [COLL] [Station 07] Collision voltage spike: 4.0V on wire!
[20:40:15.765] [COLL] [Station 03] Collided -> Uniform random backoff 36.00 ms (try 2)
[20:40:15.765] [COLL] [Station 10] Collided -> Uniform random backoff 8.00 ms (try 2)
[20:40:15.766] [COLL] [Station 02] Collided -> Uniform random backoff 64.00 ms (try 1)
[20:40:15.766] [INFO] [Station 09] Transmitting frame #2 (attempt 1)
[20:40:15.766] [COLL] [Station 07] Collided -> Uniform random backoff 64.00 ms (try 2)
[20:40:15.766] [COLL] [Station 01] Collision voltage spike: 2.0V on wire!
[20:40:15.767] [COLL] [Station 04] Collision voltage spike: 3.0V on wire!
[20:40:15.767] [COLL] [Station 05] Collision voltage spike: 4.0V on wire!
[20:40:15.774] [COLL] [Station 09] Collided -> Uniform random backoff 64.00 ms (try 1)
[20:40:15.774] [COLL] [Station 01] Collided -> Uniform random backoff 32.00 ms (try 2)
[20:40:15.775] [COLL] [Station 04] Collided -> Uniform random backoff 52.00 ms (try 2)
[20:40:15.775] [COLL] [Station 05] Collided -> Uniform random backoff 8.00 ms (try 2)
[20:40:15.775] [INFO] [Station 10] Transmitting frame #1 (attempt 3)
[20:40:15.784] [SUCC] [Station 10] Frame #1 delivered successfully! (latency: 62.49 ms, throughput: 8.19 kbps)
[20:40:15.784] [INFO] [Station 05] Transmitting frame #1 (attempt 3)
[20:40:15.784] [COLL] [Station 06] Collision voltage spike: 2.0V on wire!
[20:40:15.792] [COLL] [Station 06] Collided -> Uniform random backoff 56.00 ms (try 2)
[20:40:15.793] [COLL] [Station 05] Collided -> Uniform random backoff 36.00 ms (try 3)
[20:40:15.793] [INFO] [Station 10] Transmitting frame #2 (attempt 1)
[20:40:15.801] [SUCC] [Station 10] Frame #2 delivered successfully! (latency: 13.96 ms, throughput: 36.68 kbps)
[20:40:15.801] [INFO] [Station 08] Transmitting frame #1 (attempt 2)
[20:40:15.802] [COLL] [Station 03] Collision voltage spike: 2.0V on wire!
[20:40:15.810] [COLL] [Station 08] Collided -> Uniform random backoff 20.00 ms (try 2)
[20:40:15.810] [COLL] [Station 03] Collided -> Uniform random backoff 28.00 ms (try 3)
[20:40:15.810] [INFO] [Station 01] Transmitting frame #1 (attempt 3)
[20:40:15.811] [COLL] [Station 10] Collision voltage spike: 2.0V on wire!
[20:40:15.819] [COLL] [Station 01] Collided -> Uniform random backoff 12.00 ms (try 3)
[20:40:15.819] [COLL] [Station 10] Collided -> Uniform random backoff 60.00 ms (try 1)
[20:40:15.827] [INFO] [Station 04] Transmitting frame #1 (attempt 3)
[20:40:15.829] [COLL] [Station 05] Collision voltage spike: 2.0V on wire!
[20:40:15.836] [COLL] [Station 04] Collided -> Uniform random backoff 12.00 ms (try 3)
[20:40:15.838] [INFO] [Station 01] Transmitting frame #1 (attempt 4)
[20:40:15.838] [COLL] [Station 05] Collided -> Uniform random backoff 24.00 ms (try 4)
[20:40:15.838] [COLL] [Station 08] Collision voltage spike: 2.0V on wire!
[20:40:15.838] [COLL] [Station 02] Collision voltage spike: 3.0V on wire!
[20:40:15.838] [COLL] [Station 07] Collision voltage spike: 4.0V on wire!
[20:40:15.838] [COLL] [Station 03] Collision voltage spike: 5.0V on wire!
[20:40:15.839] [COLL] [Station 09] Collision voltage spike: 6.0V on wire!
[20:40:15.846] [COLL] [Station 01] Collided -> Uniform random backoff 28.00 ms (try 4)
[20:40:15.846] [COLL] [Station 08] Collided -> Uniform random backoff 52.00 ms (try 3)
[20:40:15.846] [COLL] [Station 02] Collided -> Uniform random backoff 12.00 ms (try 2)
[20:40:15.847] [COLL] [Station 07] Collided -> Uniform random backoff 56.00 ms (try 3)
[20:40:15.847] [COLL] [Station 09] Collided -> Uniform random backoff 8.00 ms (try 2)
[20:40:15.847] [COLL] [Station 03] Collided -> Uniform random backoff 12.00 ms (try 4)
[20:40:15.848] [INFO] [Station 04] Transmitting frame #1 (attempt 4)
[20:40:15.849] [COLL] [Station 06] Collision voltage spike: 2.0V on wire!
[20:40:15.857] [COLL] [Station 04] Collided -> Uniform random backoff 60.00 ms (try 4)
[20:40:15.857] [COLL] [Station 06] Collided -> Uniform random backoff 60.00 ms (try 3)
[20:40:15.857] [INFO] [Station 09] Transmitting frame #2 (attempt 3)
[20:40:15.859] [COLL] [Station 02] Collision voltage spike: 2.0V on wire!
[20:40:15.859] [COLL] [Station 03] Collision voltage spike: 3.0V on wire!
[20:40:15.866] [COLL] [Station 09] Collided -> Uniform random backoff 8.00 ms (try 3)
[20:40:15.867] [COLL] [Station 02] Collided -> Uniform random backoff 56.00 ms (try 3)
[20:40:15.868] [COLL] [Station 03] Collided -> Uniform random backoff 32.00 ms (try 5)
[20:40:15.868] [INFO] [Station 05] Transmitting frame #1 (attempt 5)
[20:40:15.876] [SUCC] [Station 05] Frame #1 delivered successfully! (latency: 154.35 ms, throughput: 3.32 kbps)
[20:40:15.876] [INFO] [Station 01] Transmitting frame #1 (attempt 5)
[20:40:15.877] [COLL] [Station 09] Collision voltage spike: 2.0V on wire!
[20:40:15.885] [COLL] [Station 09] Collided -> Uniform random backoff 16.00 ms (try 4)
[20:40:15.885] [COLL] [Station 01] Collided -> Uniform random backoff 56.00 ms (try 5)
[20:40:15.885] [INFO] [Station 10] Transmitting frame #3 (attempt 2)
[20:40:15.886] [COLL] [Station 05] Collision voltage spike: 2.0V on wire!
[20:40:15.894] [COLL] [Station 05] Collided -> Uniform random backoff 20.00 ms (try 1)
[20:40:15.894] [COLL] [Station 10] Collided -> Uniform random backoff 32.00 ms (try 2)
[20:40:15.899] [INFO] [Station 08] Transmitting frame #1 (attempt 4)
[20:40:15.900] [COLL] [Station 03] Collision voltage spike: 2.0V on wire!
[20:40:15.907] [COLL] [Station 08] Collided -> Uniform random backoff 20.00 ms (try 4)
[20:40:15.909] [INFO] [Station 07] Transmitting frame #1 (attempt 4)
[20:40:15.909] [COLL] [Station 03] Collided -> Uniform random backoff 4.00 ms (try 6)
[20:40:15.909] [COLL] [Station 09] Collision voltage spike: 2.0V on wire!
[20:40:15.918] [COLL] [Station 09] Collided -> Uniform random backoff 4.00 ms (try 5)
[20:40:15.918] [COLL] [Station 07] Collided -> Uniform random backoff 56.00 ms (try 4)
[20:40:15.918] [INFO] [Station 05] Transmitting frame #2 (attempt 2)
[20:40:15.918] [COLL] [Station 03] Collision voltage spike: 2.0V on wire!
[20:40:15.918] [COLL] [Station 04] Collision voltage spike: 3.0V on wire!
[20:40:15.918] [COLL] [Station 06] Collision voltage spike: 4.0V on wire!
[20:40:15.926] [COLL] [Station 05] Collided -> Uniform random backoff 16.00 ms (try 2)
[20:40:15.926] [COLL] [Station 04] Collided -> Uniform random backoff 4.00 ms (try 5)
[20:40:15.927] [INFO] [Station 10] Transmitting frame #3 (attempt 3)
[20:40:15.927] [COLL] [Station 03] Collided -> Uniform random backoff 56.00 ms (try 7)
[20:40:15.927] [COLL] [Station 06] Collided -> Uniform random backoff 12.00 ms (try 4)
[20:40:15.927] [COLL] [Station 02] Collision voltage spike: 2.0V on wire!
[20:40:15.927] [COLL] [Station 09] Collision voltage spike: 3.0V on wire!
[20:40:15.928] [COLL] [Station 08] Collision voltage spike: 4.0V on wire!
[20:40:15.935] [COLL] [Station 10] Collided -> Uniform random backoff 60.00 ms (try 3)
[20:40:15.935] [COLL] [Station 02] Collided -> Uniform random backoff 52.00 ms (try 4)
[20:40:15.936] [COLL] [Station 09] Collided -> Uniform random backoff 36.00 ms (try 6)
[20:40:15.936] [COLL] [Station 08] Collided -> Uniform random backoff 12.00 ms (try 5)
[20:40:15.936] [INFO] [Station 04] Transmitting frame #1 (attempt 6)
[20:40:15.945] [INFO] [Station 01] Transmitting frame #1 (attempt 6)
[20:40:15.945] [SUCC] [Station 04] Frame #1 delivered successfully! (latency: 223.04 ms, throughput: 2.30 kbps)
[20:40:15.945] [COLL] [Station 05] Collision voltage spike: 2.0V on wire!
[20:40:15.946] [COLL] [Station 06] Collision voltage spike: 3.0V on wire!
[20:40:15.954] [COLL] [Station 01] Collided -> Uniform random backoff 36.00 ms (try 6)
[20:40:15.954] [COLL] [Station 05] Collided -> Uniform random backoff 36.00 ms (try 3)
[20:40:15.954] [INFO] [Station 04] Transmitting frame #2 (attempt 1)
[20:40:15.954] [COLL] [Station 06] Collided -> Uniform random backoff 40.00 ms (try 5)
[20:40:15.954] [COLL] [Station 08] Collision voltage spike: 2.0V on wire!
[20:40:15.962] [COLL] [Station 08] Collided -> Uniform random backoff 48.00 ms (try 6)
[20:40:15.963] [COLL] [Station 04] Collided -> Uniform random backoff 28.00 ms (try 1)
[20:40:15.972] [INFO] [Station 09] Transmitting frame #2 (attempt 7)
[20:40:15.980] [SUCC] [Station 09] Frame #2 delivered successfully! (latency: 219.81 ms, throughput: 2.33 kbps)
[20:40:15.980] [INFO] [Station 07] Transmitting frame #1 (attempt 5)
[20:40:15.982] [COLL] [Station 09] Collision voltage spike: 2.0V on wire!
[20:40:15.989] [COLL] [Station 07] Collided -> Uniform random backoff 56.00 ms (try 5)
[20:40:15.990] [INFO] [Station 02] Transmitting frame #2 (attempt 5)
[20:40:15.990] [COLL] [Station 09] Collided -> Uniform random backoff 8.00 ms (try 1)
[20:40:15.991] [COLL] [Station 05] Collision voltage spike: 2.0V on wire!
[20:40:15.991] [COLL] [Station 03] Collision voltage spike: 3.0V on wire!
[20:40:15.991] [COLL] [Station 01] Collision voltage spike: 4.0V on wire!
[20:40:15.992] [COLL] [Station 04] Collision voltage spike: 5.0V on wire!
[20:40:15.999] [COLL] [Station 02] Collided -> Uniform random backoff 64.00 ms (try 5)
[20:40:15.999] [COLL] [Station 03] Collided -> Uniform random backoff 32.00 ms (try 8)
[20:40:15.999] [COLL] [Station 05] Collided -> Uniform random backoff 48.00 ms (try 4)
[20:40:15.999] [COLL] [Station 01] Collided -> Uniform random backoff 12.00 ms (try 7)
[20:40:16.000] [INFO] [Station 10] Transmitting frame #3 (attempt 4)
[20:40:16.000] [COLL] [Station 04] Collided -> Uniform random backoff 52.00 ms (try 2)
[20:40:16.000] [COLL] [Station 09] Collision voltage spike: 2.0V on wire!
[20:40:16.001] [COLL] [Station 06] Collision voltage spike: 3.0V on wire!
[20:40:16.009] [COLL] [Station 10] Collided -> Uniform random backoff 64.00 ms (try 4)
[20:40:16.009] [COLL] [Station 09] Collided -> Uniform random backoff 52.00 ms (try 2)
[20:40:16.009] [COLL] [Station 06] Collided -> Uniform random backoff 32.00 ms (try 6)
[20:40:16.011] [INFO] [Station 08] Transmitting frame #1 (attempt 7)
[20:40:16.012] [COLL] [Station 01] Collision voltage spike: 2.0V on wire!
[20:40:16.019] [COLL] [Station 08] Collided -> Uniform random backoff 44.00 ms (try 7)
[20:40:16.020] [COLL] [Station 01] Collided -> Uniform random backoff 8.00 ms (try 8)
[20:40:16.029] [INFO] [Station 01] Transmitting frame #1 (attempt 9)
[20:40:16.037] [SUCC] [Station 01] Frame #1 delivered successfully! (latency: 315.20 ms, throughput: 1.62 kbps)
[20:40:16.037] [INFO] [Station 03] Transmitting frame #1 (attempt 9)
[20:40:16.046] [SUCC] [Station 03] Frame #1 delivered successfully! (latency: 321.32 ms, throughput: 1.59 kbps)
[20:40:16.046] [INFO] [Station 07] Transmitting frame #1 (attempt 6)
[20:40:16.046] [COLL] [Station 06] Collision voltage spike: 2.0V on wire!
[20:40:16.046] [COLL] [Station 01] Collision voltage spike: 3.0V on wire!
[20:40:16.054] [COLL] [Station 07] Collided -> Uniform random backoff 16.00 ms (try 6)
[20:40:16.054] [COLL] [Station 06] Collided -> Uniform random backoff 20.00 ms (try 7)
[20:40:16.055] [INFO] [Station 03] Transmitting frame #2 (attempt 1)
[20:40:16.055] [COLL] [Station 01] Collided -> Uniform random backoff 4.00 ms (try 1)
[20:40:16.055] [COLL] [Station 04] Collision voltage spike: 2.0V on wire!
[20:40:16.055] [COLL] [Station 05] Collision voltage spike: 3.0V on wire!
[20:40:16.063] [COLL] [Station 03] Collided -> Uniform random backoff 16.00 ms (try 1)
[20:40:16.063] [COLL] [Station 05] Collided -> Uniform random backoff 16.00 ms (try 5)
[20:40:16.064] [COLL] [Station 04] Collided -> Uniform random backoff 48.00 ms (try 3)
[20:40:16.064] [INFO] [Station 02] Transmitting frame #2 (attempt 6)
[20:40:16.064] [COLL] [Station 08] Collision voltage spike: 2.0V on wire!
[20:40:16.064] [COLL] [Station 01] Collision voltage spike: 3.0V on wire!
[20:40:16.064] [COLL] [Station 09] Collision voltage spike: 4.0V on wire!
[20:40:16.072] [COLL] [Station 02] Collided -> Uniform random backoff 64.00 ms (try 6)
[20:40:16.072] [COLL] [Station 08] Collided -> Uniform random backoff 44.00 ms (try 8)
[20:40:16.072] [COLL] [Station 01] Collided -> Uniform random backoff 64.00 ms (try 2)
[20:40:16.073] [COLL] [Station 09] Collided -> Uniform random backoff 56.00 ms (try 3)
[20:40:16.073] [INFO] [Station 07] Transmitting frame #1 (attempt 7)
[20:40:16.073] [COLL] [Station 10] Collision voltage spike: 2.0V on wire!
[20:40:16.081] [COLL] [Station 07] Collided -> Uniform random backoff 32.00 ms (try 7)
[20:40:16.081] [INFO] [Station 03] Transmitting frame #2 (attempt 2)
[20:40:16.081] [COLL] [Station 10] Collided -> Uniform random backoff 4.00 ms (try 5)
[20:40:16.081] [COLL] [Station 05] Collision voltage spike: 2.0V on wire!
[20:40:16.081] [COLL] [Station 06] Collision voltage spike: 3.0V on wire!
[20:40:16.089] [COLL] [Station 03] Collided -> Uniform random backoff 32.00 ms (try 2)
[20:40:16.090] [COLL] [Station 05] Collided -> Uniform random backoff 28.00 ms (try 6)
[20:40:16.090] [COLL] [Station 06] Collided -> Uniform random backoff 60.00 ms (try 8)
[20:40:16.090] [INFO] [Station 10] Transmitting frame #3 (attempt 6)
[20:40:16.098] [SUCC] [Station 10] Frame #3 delivered successfully! (latency: 293.28 ms, throughput: 1.75 kbps)
[20:40:16.101] [INFO] [Station 10] Transmitting frame #4 (attempt 1)
[20:40:16.109] [SUCC] [Station 10] Frame #4 delivered successfully! (latency: 8.20 ms, throughput: 62.41 kbps)
[20:40:16.111] [INFO] [Station 10] Transmitting frame #5 (attempt 1)
[20:40:16.112] [COLL] [Station 04] Collision voltage spike: 2.0V on wire!
[20:40:16.119] [COLL] [Station 10] Collided -> Uniform random backoff 36.00 ms (try 1)
[20:40:16.120] [COLL] [Station 04] Collided -> Uniform random backoff 12.00 ms (try 4)
[20:40:16.120] [INFO] [Station 05] Transmitting frame #2 (attempt 7)
[20:40:16.121] [COLL] [Station 07] Collision voltage spike: 2.0V on wire!
[20:40:16.121] [COLL] [Station 08] Collision voltage spike: 3.0V on wire!
[20:40:16.122] [COLL] [Station 03] Collision voltage spike: 4.0V on wire!
[20:40:16.129] [COLL] [Station 07] Collided -> Uniform random backoff 8.00 ms (try 8)
[20:40:16.129] [COLL] [Station 08] Collided -> Uniform random backoff 48.00 ms (try 9)
[20:40:16.129] [COLL] [Station 05] Collided -> Uniform random backoff 20.00 ms (try 7)
[20:40:16.130] [COLL] [Station 03] Collided -> Uniform random backoff 36.00 ms (try 3)
[20:40:16.130] [INFO] [Station 09] Transmitting frame #3 (attempt 4)
[20:40:16.139] [INFO] [Station 07] Transmitting frame #1 (attempt 9)
[20:40:16.139] [SUCC] [Station 09] Frame #3 delivered successfully! (latency: 156.61 ms, throughput: 3.27 kbps)
[20:40:16.139] [COLL] [Station 02] Collision voltage spike: 2.0V on wire!
[20:40:16.139] [COLL] [Station 04] Collision voltage spike: 3.0V on wire!
[20:40:16.139] [COLL] [Station 01] Collision voltage spike: 4.0V on wire!
[20:40:16.147] [COLL] [Station 07] Collided -> Uniform random backoff 48.00 ms (try 9)
[20:40:16.148] [COLL] [Station 02] Collided -> Uniform random backoff 20.00 ms (try 7)
[20:40:16.148] [COLL] [Station 01] Collided -> Uniform random backoff 60.00 ms (try 3)
[20:40:16.148] [COLL] [Station 04] Collided -> Uniform random backoff 20.00 ms (try 5)
[20:40:16.148] [INFO] [Station 09] Transmitting frame #4 (attempt 1)
[20:40:16.149] [COLL] [Station 05] Collision voltage spike: 2.0V on wire!
[20:40:16.157] [COLL] [Station 09] Collided -> Uniform random backoff 60.00 ms (try 1)
[20:40:16.158] [COLL] [Station 05] Collided -> Uniform random backoff 56.00 ms (try 8)
[20:40:16.158] [INFO] [Station 06] Transmitting frame #1 (attempt 9)
[20:40:16.158] [COLL] [Station 10] Collision voltage spike: 2.0V on wire!
[20:40:16.166] [COLL] [Station 06] Collided -> Uniform random backoff 48.00 ms (try 9)
[20:40:16.167] [COLL] [Station 10] Collided -> Uniform random backoff 16.00 ms (try 2)
[20:40:16.167] [INFO] [Station 03] Transmitting frame #2 (attempt 4)
[20:40:16.168] [COLL] [Station 04] Collision voltage spike: 2.0V on wire!
[20:40:16.175] [COLL] [Station 03] Collided -> Uniform random backoff 24.00 ms (try 4)
[20:40:16.177] [COLL] [Station 04] Collided -> Uniform random backoff 56.00 ms (try 6)
[20:40:16.177] [INFO] [Station 02] Transmitting frame #2 (attempt 8)
[20:40:16.178] [COLL] [Station 08] Collision voltage spike: 2.0V on wire!
[20:40:16.185] [COLL] [Station 02] Collided -> Uniform random backoff 24.00 ms (try 8)
[20:40:16.186] [COLL] [Station 08] Collided -> Uniform random backoff 44.00 ms (try 10)
[20:40:16.186] [INFO] [Station 10] Transmitting frame #5 (attempt 3)
[20:40:16.195] [SUCC] [Station 10] Frame #5 delivered successfully! (latency: 84.06 ms, throughput: 6.09 kbps)
[20:40:16.196] [INFO] [Station 07] Transmitting frame #1 (attempt 10)
[20:40:16.204] [SUCC] [Station 07] Frame #1 delivered successfully! (latency: 479.90 ms, throughput: 1.07 kbps)
[20:40:16.204] [INFO] [Station 03] Transmitting frame #2 (attempt 5)
[20:40:16.206] [COLL] [Station 07] Collision voltage spike: 2.0V on wire!
[20:40:16.213] [COLL] [Station 03] Collided -> Uniform random backoff 36.00 ms (try 5)
[20:40:16.215] [COLL] [Station 07] Collided -> Uniform random backoff 20.00 ms (try 1)
[20:40:16.215] [INFO] [Station 05] Transmitting frame #2 (attempt 9)
[20:40:16.215] [COLL] [Station 01] Collision voltage spike: 2.0V on wire!
[20:40:16.215] [COLL] [Station 02] Collision voltage spike: 3.0V on wire!
[20:40:16.215] [COLL] [Station 06] Collision voltage spike: 4.0V on wire!
[20:40:16.223] [COLL] [Station 05] Collided -> Uniform random backoff 36.00 ms (try 9)
[20:40:16.223] [COLL] [Station 01] Collided -> Uniform random backoff 12.00 ms (try 4)
[20:40:16.223] [COLL] [Station 02] Collided -> Uniform random backoff 48.00 ms (try 9)
[20:40:16.224] [COLL] [Station 06] Collided -> Uniform random backoff 40.00 ms (try 10)
[20:40:16.224] [INFO] [Station 09] Transmitting frame #4 (attempt 2)
[20:40:16.232] [SUCC] [Station 09] Frame #4 delivered successfully! (latency: 88.96 ms, throughput: 5.76 kbps)
[20:40:16.232] [INFO] [Station 08] Transmitting frame #1 (attempt 11)
[20:40:16.233] [COLL] [Station 04] Collision voltage spike: 2.0V on wire!
[20:40:16.241] [COLL] [Station 08] Collided -> Uniform random backoff 24.00 ms (try 11)
[20:40:16.242] [INFO] [Station 01] Transmitting frame #2 (attempt 5)
[20:40:16.242] [COLL] [Station 04] Collided -> Uniform random backoff 36.00 ms (try 7)
[20:40:16.242] [COLL] [Station 09] Collision voltage spike: 2.0V on wire!
[20:40:16.242] [COLL] [Station 07] Collision voltage spike: 3.0V on wire!
[20:40:16.250] [COLL] [Station 09] Collided -> Uniform random backoff 12.00 ms (try 1)
[20:40:16.251] [INFO] [Station 03] Transmitting frame #2 (attempt 6)
[20:40:16.250] [COLL] [Station 07] Collided -> Uniform random backoff 64.00 ms (try 2)
[20:40:16.250] [COLL] [Station 01] Collided -> Uniform random backoff 60.00 ms (try 5)
[20:40:16.259] [SUCC] [Station 03] Frame #2 delivered successfully! (latency: 209.50 ms, throughput: 2.44 kbps)
[20:40:16.260] [INFO] [Station 05] Transmitting frame #2 (attempt 10)
[20:40:16.261] [COLL] [Station 03] Collision voltage spike: 2.0V on wire!
[20:40:16.268] [COLL] [Station 05] Collided -> Uniform random backoff 60.00 ms (try 10)
[20:40:16.269] [INFO] [Station 06] Transmitting frame #1 (attempt 11)
[20:40:16.269] [COLL] [Station 03] Collided -> Uniform random backoff 28.00 ms (try 1)
[20:40:16.270] [COLL] [Station 08] Collision voltage spike: 2.0V on wire!
[20:40:16.270] [COLL] [Station 09] Collision voltage spike: 3.0V on wire!
[20:40:16.278] [COLL] [Station 08] Collided -> Uniform random backoff 28.00 ms (try 12)
[20:40:16.278] [COLL] [Station 06] Collided -> Uniform random backoff 36.00 ms (try 11)
[20:40:16.278] [COLL] [Station 09] Collided -> Uniform random backoff 8.00 ms (try 2)
[20:40:16.278] [INFO] [Station 02] Transmitting frame #2 (attempt 10)
[20:40:16.279] [COLL] [Station 04] Collision voltage spike: 2.0V on wire!
[20:40:16.287] [COLL] [Station 02] Collided -> Uniform random backoff 44.00 ms (try 10)
[20:40:16.288] [COLL] [Station 04] Collided -> Uniform random backoff 16.00 ms (try 8)
[20:40:16.288] [INFO] [Station 09] Transmitting frame #5 (attempt 3)
[20:40:16.296] [SUCC] [Station 09] Frame #5 delivered successfully! (latency: 60.18 ms, throughput: 8.51 kbps)
[20:40:16.298] [INFO] [Station 03] Transmitting frame #3 (attempt 2)
[20:40:16.306] [SUCC] [Station 03] Frame #3 delivered successfully! (latency: 45.28 ms, throughput: 11.31 kbps)
[20:40:16.306] [INFO] [Station 04] Transmitting frame #2 (attempt 9)
[20:40:16.306] [COLL] [Station 08] Collision voltage spike: 2.0V on wire!
[20:40:16.308] [COLL] [Station 03] Collision voltage spike: 3.0V on wire!
[20:40:16.315] [COLL] [Station 08] Collided -> Uniform random backoff 32.00 ms (try 13)
[20:40:16.315] [COLL] [Station 04] Collided -> Uniform random backoff 60.00 ms (try 9)
[20:40:16.316] [COLL] [Station 03] Collided -> Uniform random backoff 20.00 ms (try 1)
[20:40:16.316] [INFO] [Station 01] Transmitting frame #2 (attempt 6)
[20:40:16.316] [COLL] [Station 07] Collision voltage spike: 2.0V on wire!
[20:40:16.317] [COLL] [Station 06] Collision voltage spike: 3.0V on wire!
[20:40:16.325] [COLL] [Station 01] Collided -> Uniform random backoff 4.00 ms (try 6)
[20:40:16.325] [COLL] [Station 06] Collided -> Uniform random backoff 56.00 ms (try 12)
[20:40:16.325] [COLL] [Station 07] Collided -> Uniform random backoff 44.00 ms (try 3)
[20:40:16.328] [INFO] [Station 05] Transmitting frame #2 (attempt 11)
[20:40:16.329] [COLL] [Station 01] Collision voltage spike: 2.0V on wire!
[20:40:16.337] [COLL] [Station 05] Collided -> Uniform random backoff 12.00 ms (try 11)
[20:40:16.338] [INFO] [Station 03] Transmitting frame #4 (attempt 2)
[20:40:16.338] [COLL] [Station 01] Collided -> Uniform random backoff 24.00 ms (try 7)
[20:40:16.338] [COLL] [Station 02] Collision voltage spike: 2.0V on wire!
[20:40:16.346] [COLL] [Station 03] Collided -> Uniform random backoff 36.00 ms (try 2)
[20:40:16.347] [COLL] [Station 02] Collided -> Uniform random backoff 56.00 ms (try 11)
[20:40:16.347] [INFO] [Station 08] Transmitting frame #1 (attempt 14)
[20:40:16.349] [COLL] [Station 05] Collision voltage spike: 2.0V on wire!
[20:40:16.356] [COLL] [Station 08] Collided -> Uniform random backoff 28.00 ms (try 14)
[20:40:16.357] [COLL] [Station 05] Collided -> Uniform random backoff 16.00 ms (try 12)
[20:40:16.363] [INFO] [Station 01] Transmitting frame #2 (attempt 8)
[20:40:16.372] [SUCC] [Station 01] Frame #2 delivered successfully! (latency: 331.53 ms, throughput: 1.54 kbps)
[20:40:16.372] [INFO] [Station 07] Transmitting frame #2 (attempt 4)
[20:40:16.380] [SUCC] [Station 07] Frame #2 delivered successfully! (latency: 173.92 ms, throughput: 2.94 kbps)
[20:40:16.380] [INFO] [Station 04] Transmitting frame #2 (attempt 10)
[20:40:16.381] [COLL] [Station 01] Collision voltage spike: 2.0V on wire!
[20:40:16.381] [COLL] [Station 05] Collision voltage spike: 3.0V on wire!
[20:40:16.381] [COLL] [Station 06] Collision voltage spike: 4.0V on wire!
[20:40:16.389] [COLL] [Station 04] Collided -> Uniform random backoff 44.00 ms (try 10)
[20:40:16.389] [COLL] [Station 01] Collided -> Uniform random backoff 52.00 ms (try 1)
[20:40:16.389] [COLL] [Station 05] Collided -> Uniform random backoff 56.00 ms (try 13)
[20:40:16.390] [COLL] [Station 06] Collided -> Uniform random backoff 8.00 ms (try 13)
[20:40:16.390] [INFO] [Station 03] Transmitting frame #4 (attempt 3)
[20:40:16.390] [COLL] [Station 07] Collision voltage spike: 2.0V on wire!
[20:40:16.390] [COLL] [Station 08] Collision voltage spike: 3.0V on wire!
[20:40:16.398] [COLL] [Station 03] Collided -> Uniform random backoff 60.00 ms (try 3)
[20:40:16.399] [COLL] [Station 07] Collided -> Uniform random backoff 16.00 ms (try 1)
[20:40:16.399] [COLL] [Station 08] Collided -> Uniform random backoff 64.00 ms (try 15)
[20:40:16.399] [INFO] [Station 06] Transmitting frame #1 (attempt 14)
[20:40:16.407] [SUCC] [Station 06] Frame #1 delivered successfully! (latency: 682.87 ms, throughput: 0.75 kbps)
[20:40:16.407] [INFO] [Station 02] Transmitting frame #2 (attempt 12)
[20:40:16.416] [SUCC] [Station 02] Frame #2 delivered successfully! (latency: 663.95 ms, throughput: 0.77 kbps)
[20:40:16.416] [INFO] [Station 06] Transmitting frame #2 (attempt 1)
[20:40:16.416] [COLL] [Station 07] Collision voltage spike: 2.0V on wire!
[20:40:16.417] [COLL] [Station 02] Collision voltage spike: 3.0V on wire!
[20:40:16.424] [COLL] [Station 06] Collided -> Uniform random backoff 20.00 ms (try 1)
[20:40:16.424] [COLL] [Station 07] Collided -> Uniform random backoff 28.00 ms (try 2)
[20:40:16.425] [COLL] [Station 02] Collided -> Uniform random backoff 28.00 ms (try 1)
[20:40:16.433] [INFO] [Station 04] Transmitting frame #2 (attempt 11)
[20:40:16.442] [SUCC] [Station 04] Frame #2 delivered successfully! (latency: 492.12 ms, throughput: 1.04 kbps)
[20:40:16.442] [INFO] [Station 01] Transmitting frame #3 (attempt 2)
[20:40:16.450] [INFO] [Station 06] Transmitting frame #2 (attempt 2)
[20:40:16.450] [SUCC] [Station 01] Frame #3 delivered successfully! (latency: 75.92 ms, throughput: 6.74 kbps)
[20:40:16.451] [COLL] [Station 05] Collision voltage spike: 2.0V on wire!
[20:40:16.451] [COLL] [Station 04] Collision voltage spike: 3.0V on wire!
[20:40:16.459] [COLL] [Station 06] Collided -> Uniform random backoff 28.00 ms (try 2)
[20:40:16.459] [COLL] [Station 04] Collided -> Uniform random backoff 56.00 ms (try 1)
[20:40:16.459] [COLL] [Station 05] Collided -> Uniform random backoff 24.00 ms (try 14)
[20:40:16.459] [INFO] [Station 03] Transmitting frame #4 (attempt 4)
[20:40:16.460] [COLL] [Station 01] Collision voltage spike: 2.0V on wire!
[20:40:16.460] [COLL] [Station 02] Collision voltage spike: 3.0V on wire!
[20:40:16.460] [COLL] [Station 07] Collision voltage spike: 4.0V on wire!
[20:40:16.468] [COLL] [Station 03] Collided -> Uniform random backoff 64.00 ms (try 4)
[20:40:16.468] [COLL] [Station 01] Collided -> Uniform random backoff 12.00 ms (try 1)
[20:40:16.468] [COLL] [Station 02] Collided -> Uniform random backoff 20.00 ms (try 2)
[20:40:16.468] [COLL] [Station 07] Collided -> Uniform random backoff 28.00 ms (try 3)
[20:40:16.469] [INFO] [Station 08] Transmitting frame #1 (attempt 16)
[20:40:16.477] [SUCC] [Station 08] Frame #1 delivered successfully! (latency: 751.88 ms, throughput: 0.68 kbps)
[20:40:16.479] [INFO] [Station 08] Transmitting frame #2 (attempt 1)
[20:40:16.480] [COLL] [Station 01] Collision voltage spike: 2.0V on wire!
[20:40:16.487] [COLL] [Station 08] Collided -> Uniform random backoff 12.00 ms (try 1)
[20:40:16.489] [INFO] [Station 06] Transmitting frame #2 (attempt 3)
[20:40:16.489] [COLL] [Station 01] Collided -> Uniform random backoff 56.00 ms (try 2)
[20:40:16.489] [COLL] [Station 02] Collision voltage spike: 2.0V on wire!
[20:40:16.489] [COLL] [Station 05] Collision voltage spike: 3.0V on wire!
[20:40:16.498] [COLL] [Station 02] Collided -> Uniform random backoff 44.00 ms (try 3)
[20:40:16.498] [COLL] [Station 06] Collided -> Uniform random backoff 4.00 ms (try 3)
[20:40:16.498] [COLL] [Station 05] Collided -> Uniform random backoff 48.00 ms (try 15)
[20:40:16.498] [INFO] [Station 07] Transmitting frame #3 (attempt 4)
[20:40:16.500] [COLL] [Station 08] Collision voltage spike: 2.0V on wire!
[20:40:16.506] [COLL] [Station 07] Collided -> Uniform random backoff 64.00 ms (try 4)
[20:40:16.508] [COLL] [Station 08] Collided -> Uniform random backoff 4.00 ms (try 2)
[20:40:16.508] [INFO] [Station 06] Transmitting frame #2 (attempt 4)
[20:40:16.517] [SUCC] [Station 06] Frame #2 delivered successfully! (latency: 106.91 ms, throughput: 4.79 kbps)
[20:40:16.517] [INFO] [Station 08] Transmitting frame #2 (attempt 3)
[20:40:16.517] [COLL] [Station 04] Collision voltage spike: 2.0V on wire!
[20:40:16.526] [COLL] [Station 08] Collided -> Uniform random backoff 40.00 ms (try 3)
[20:40:16.526] [COLL] [Station 04] Collided -> Uniform random backoff 60.00 ms (try 2)
[20:40:16.526] [INFO] [Station 06] Transmitting frame #3 (attempt 1)
[20:40:16.534] [SUCC] [Station 06] Frame #3 delivered successfully! (latency: 14.38 ms, throughput: 35.62 kbps)
[20:40:16.534] [INFO] [Station 03] Transmitting frame #4 (attempt 5)
[20:40:16.543] [SUCC] [Station 03] Frame #4 delivered successfully! (latency: 235.13 ms, throughput: 2.18 kbps)
[20:40:16.543] [INFO] [Station 06] Transmitting frame #4 (attempt 1)
[20:40:16.543] [COLL] [Station 02] Collision voltage spike: 2.0V on wire!
[20:40:16.551] [COLL] [Station 02] Collided -> Uniform random backoff 4.00 ms (try 4)
[20:40:16.552] [COLL] [Station 06] Collided -> Uniform random backoff 48.00 ms (try 1)
[20:40:16.552] [INFO] [Station 05] Transmitting frame #2 (attempt 16)
[20:40:16.552] [COLL] [Station 01] Collision voltage spike: 2.0V on wire!
[20:40:16.552] [COLL] [Station 03] Collision voltage spike: 3.0V on wire!
[20:40:16.560] [COLL] [Station 01] Collided -> Uniform random backoff 8.00 ms (try 3)
[20:40:16.560] [COLL] [Station 05] Collided -> Uniform random backoff 48.00 ms (try 16)
[20:40:16.560] [COLL] [Station 03] Collided -> Uniform random backoff 12.00 ms (try 1)
[20:40:16.560] [INFO] [Station 02] Transmitting frame #3 (attempt 5)
[20:40:16.569] [SUCC] [Station 02] Frame #3 delivered successfully! (latency: 151.84 ms, throughput: 3.37 kbps)
[20:40:16.569] [INFO] [Station 01] Transmitting frame #4 (attempt 4)
[20:40:16.569] [COLL] [Station 08] Collision voltage spike: 2.0V on wire!
[20:40:16.570] [COLL] [Station 02] Collision voltage spike: 3.0V on wire!
[20:40:16.578] [COLL] [Station 01] Collided -> Uniform random backoff 60.00 ms (try 4)
[20:40:16.578] [COLL] [Station 08] Collided -> Uniform random backoff 4.00 ms (try 4)
[20:40:16.579] [COLL] [Station 02] Collided -> Uniform random backoff 32.00 ms (try 1)
[20:40:16.579] [INFO] [Station 03] Transmitting frame #5 (attempt 2)
[20:40:16.579] [COLL] [Station 07] Collision voltage spike: 2.0V on wire!
[20:40:16.588] [COLL] [Station 07] Collided -> Uniform random backoff 12.00 ms (try 5)
[20:40:16.588] [COLL] [Station 03] Collided -> Uniform random backoff 20.00 ms (try 2)
[20:40:16.588] [INFO] [Station 04] Transmitting frame #3 (attempt 3)
[20:40:16.588] [COLL] [Station 08] Collision voltage spike: 2.0V on wire!
[20:40:16.597] [COLL] [Station 04] Collided -> Uniform random backoff 8.00 ms (try 3)
[20:40:16.597] [COLL] [Station 08] Collided -> Uniform random backoff 36.00 ms (try 5)
[20:40:16.600] [INFO] [Station 07] Transmitting frame #3 (attempt 6)
[20:40:16.601] [COLL] [Station 06] Collision voltage spike: 2.0V on wire!
[20:40:16.608] [COLL] [Station 07] Collided -> Uniform random backoff 44.00 ms (try 6)
[20:40:16.609] [FAIL] [Station 05] Frame #2 aborted after 16 attempts
[20:40:16.609] [INFO] [Station 03] Transmitting frame #5 (attempt 3)
[20:40:16.609] [COLL] [Station 06] Collided -> Uniform random backoff 32.00 ms (try 2)
[20:40:16.609] [COLL] [Station 04] Collision voltage spike: 2.0V on wire!
[20:40:16.609] [COLL] [Station 05] Collision voltage spike: 3.0V on wire!
[20:40:16.617] [COLL] [Station 03] Collided -> Uniform random backoff 56.00 ms (try 3)
[20:40:16.618] [COLL] [Station 04] Collided -> Uniform random backoff 48.00 ms (try 4)
[20:40:16.618] [COLL] [Station 05] Collided -> Uniform random backoff 40.00 ms (try 1)
[20:40:16.618] [INFO] [Station 02] Transmitting frame #4 (attempt 2)
[20:40:16.626] [SUCC] [Station 02] Frame #4 delivered successfully! (latency: 55.93 ms, throughput: 9.15 kbps)
[20:40:16.628] [INFO] [Station 02] Transmitting frame #5 (attempt 1)
[20:40:16.637] [SUCC] [Station 02] Frame #5 delivered successfully! (latency: 8.52 ms, throughput: 60.07 kbps)
[20:40:16.637] [INFO] [Station 08] Transmitting frame #2 (attempt 6)
[20:40:16.638] [COLL] [Station 01] Collision voltage spike: 2.0V on wire!
[20:40:16.645] [COLL] [Station 08] Collided -> Uniform random backoff 64.00 ms (try 6)
[20:40:16.647] [COLL] [Station 01] Collided -> Uniform random backoff 44.00 ms (try 5)
[20:40:16.647] [INFO] [Station 06] Transmitting frame #4 (attempt 3)
[20:40:16.655] [SUCC] [Station 06] Frame #4 delivered successfully! (latency: 116.62 ms, throughput: 4.39 kbps)
[20:40:16.655] [INFO] [Station 07] Transmitting frame #3 (attempt 7)
[20:40:16.664] [SUCC] [Station 07] Frame #3 delivered successfully! (latency: 281.12 ms, throughput: 1.82 kbps)
[20:40:16.664] [INFO] [Station 05] Transmitting frame #3 (attempt 2)
[20:40:16.664] [COLL] [Station 06] Collision voltage spike: 2.0V on wire!
[20:40:16.673] [COLL] [Station 06] Collided -> Uniform random backoff 52.00 ms (try 1)
[20:40:16.673] [COLL] [Station 05] Collided -> Uniform random backoff 20.00 ms (try 2)
[20:40:16.673] [INFO] [Station 04] Transmitting frame #3 (attempt 5)
[20:40:16.673] [COLL] [Station 07] Collision voltage spike: 2.0V on wire!
[20:40:16.674] [COLL] [Station 03] Collision voltage spike: 3.0V on wire!
[20:40:16.681] [COLL] [Station 07] Collided -> Uniform random backoff 20.00 ms (try 1)
[20:40:16.681] [COLL] [Station 04] Collided -> Uniform random backoff 56.00 ms (try 5)
[20:40:16.682] [COLL] [Station 03] Collided -> Uniform random backoff 64.00 ms (try 4)
[20:40:16.691] [INFO] [Station 01] Transmitting frame #4 (attempt 6)
[20:40:16.700] [SUCC] [Station 01] Frame #4 delivered successfully! (latency: 245.04 ms, throughput: 2.09 kbps)
[20:40:16.700] [INFO] [Station 05] Transmitting frame #3 (attempt 3)
[20:40:16.709] [SUCC] [Station 05] Frame #3 delivered successfully! (latency: 99.61 ms, throughput: 5.14 kbps)
[20:40:16.709] [INFO] [Station 01] Transmitting frame #5 (attempt 1)
[20:40:16.709] [COLL] [Station 07] Collision voltage spike: 2.0V on wire!
[20:40:16.710] [COLL] [Station 08] Collision voltage spike: 3.0V on wire!
[20:40:16.717] [COLL] [Station 01] Collided -> Uniform random backoff 40.00 ms (try 1)
[20:40:16.718] [COLL] [Station 07] Collided -> Uniform random backoff 64.00 ms (try 2)
[20:40:16.718] [COLL] [Station 08] Collided -> Uniform random backoff 24.00 ms (try 7)
[20:40:16.718] [INFO] [Station 05] Transmitting frame #4 (attempt 1)
[20:40:16.727] [SUCC] [Station 05] Frame #4 delivered successfully! (latency: 14.62 ms, throughput: 35.02 kbps)
[20:40:16.727] [INFO] [Station 06] Transmitting frame #5 (attempt 2)
[20:40:16.728] [COLL] [Station 05] Collision voltage spike: 2.0V on wire!
[20:40:16.735] [COLL] [Station 06] Collided -> Uniform random backoff 16.00 ms (try 2)
[20:40:16.737] [COLL] [Station 05] Collided -> Uniform random backoff 56.00 ms (try 1)
[20:40:16.740] [INFO] [Station 04] Transmitting frame #3 (attempt 6)
[20:40:16.749] [SUCC] [Station 04] Frame #3 delivered successfully! (latency: 303.30 ms, throughput: 1.69 kbps)
[20:40:16.749] [INFO] [Station 08] Transmitting frame #2 (attempt 8)
[20:40:16.749] [COLL] [Station 03] Collision voltage spike: 2.0V on wire!
[20:40:16.757] [COLL] [Station 08] Collided -> Uniform random backoff 40.00 ms (try 8)
[20:40:16.757] [COLL] [Station 03] Collided -> Uniform random backoff 56.00 ms (try 5)
[20:40:16.757] [INFO] [Station 04] Transmitting frame #4 (attempt 1)
[20:40:16.758] [COLL] [Station 06] Collision voltage spike: 2.0V on wire!
[20:40:16.759] [COLL] [Station 01] Collision voltage spike: 3.0V on wire!
[20:40:16.766] [COLL] [Station 04] Collided -> Uniform random backoff 40.00 ms (try 1)
[20:40:16.766] [COLL] [Station 06] Collided -> Uniform random backoff 4.00 ms (try 3)
[20:40:16.767] [COLL] [Station 01] Collided -> Uniform random backoff 52.00 ms (try 2)
[20:40:16.771] [INFO] [Station 06] Transmitting frame #5 (attempt 4)
[20:40:16.779] [SUCC] [Station 06] Frame #5 delivered successfully! (latency: 120.91 ms, throughput: 4.23 kbps)
[20:40:16.782] [INFO] [Station 07] Transmitting frame #4 (attempt 3)
[20:40:16.790] [SUCC] [Station 07] Frame #4 delivered successfully! (latency: 123.41 ms, throughput: 4.15 kbps)
[20:40:16.793] [INFO] [Station 05] Transmitting frame #5 (attempt 2)
[20:40:16.794] [COLL] [Station 07] Collision voltage spike: 2.0V on wire!
[20:40:16.802] [COLL] [Station 05] Collided -> Uniform random backoff 36.00 ms (try 2)
[20:40:16.802] [COLL] [Station 07] Collided -> Uniform random backoff 32.00 ms (try 1)
[20:40:16.802] [INFO] [Station 08] Transmitting frame #2 (attempt 9)
[20:40:16.810] [SUCC] [Station 08] Frame #2 delivered successfully! (latency: 331.25 ms, throughput: 1.55 kbps)
[20:40:16.810] [INFO] [Station 04] Transmitting frame #4 (attempt 2)
[20:40:16.819] [SUCC] [Station 04] Frame #4 delivered successfully! (latency: 67.27 ms, throughput: 7.61 kbps)
[20:40:16.819] [INFO] [Station 03] Transmitting frame #5 (attempt 6)
[20:40:16.819] [COLL] [Station 08] Collision voltage spike: 2.0V on wire!
[20:40:16.820] [COLL] [Station 01] Collision voltage spike: 3.0V on wire!
[20:40:16.828] [COLL] [Station 03] Collided -> Uniform random backoff 16.00 ms (try 6)
[20:40:16.828] [COLL] [Station 08] Collided -> Uniform random backoff 56.00 ms (try 1)
[20:40:16.828] [COLL] [Station 01] Collided -> Uniform random backoff 64.00 ms (try 3)
[20:40:16.828] [INFO] [Station 04] Transmitting frame #5 (attempt 1)
[20:40:16.837] [SUCC] [Station 04] Frame #5 delivered successfully! (latency: 13.88 ms, throughput: 36.88 kbps)
[20:40:16.837] [INFO] [Station 07] Transmitting frame #5 (attempt 2)
[20:40:16.838] [COLL] [Station 05] Collision voltage spike: 2.0V on wire!
[20:40:16.846] [COLL] [Station 07] Collided -> Uniform random backoff 24.00 ms (try 2)
[20:40:16.847] [COLL] [Station 05] Collided -> Uniform random backoff 8.00 ms (try 3)
[20:40:16.847] [INFO] [Station 03] Transmitting frame #5 (attempt 7)
[20:40:16.855] [SUCC] [Station 03] Frame #5 delivered successfully! (latency: 309.01 ms, throughput: 1.66 kbps)
[20:40:16.855] [INFO] [Station 05] Transmitting frame #5 (attempt 4)
[20:40:16.864] [SUCC] [Station 05] Frame #5 delivered successfully! (latency: 135.52 ms, throughput: 3.78 kbps)
[20:40:16.870] [INFO] [Station 07] Transmitting frame #5 (attempt 3)
[20:40:16.878] [SUCC] [Station 07] Frame #5 delivered successfully! (latency: 84.86 ms, throughput: 6.03 kbps)
[20:40:16.884] [INFO] [Station 08] Transmitting frame #3 (attempt 2)
[20:40:16.892] [SUCC] [Station 08] Frame #3 delivered successfully! (latency: 78.61 ms, throughput: 6.51 kbps)
[20:40:16.893] [INFO] [Station 01] Transmitting frame #5 (attempt 4)
[20:40:16.902] [SUCC] [Station 01] Frame #5 delivered successfully! (latency: 199.58 ms, throughput: 2.57 kbps)
[20:40:16.902] [INFO] [Station 08] Transmitting frame #4 (attempt 1)
[20:40:16.910] [SUCC] [Station 08] Frame #4 delivered successfully! (latency: 13.34 ms, throughput: 38.39 kbps)
[20:40:16.912] [INFO] [Station 08] Transmitting frame #5 (attempt 1)
[20:40:16.920] [SUCC] [Station 08] Frame #5 delivered successfully! (latency: 8.26 ms, throughput: 61.97 kbps)

====================================================================================================
PER-STATION THREAD PERFORMANCE BREAKDOWN
----------------------------------------------------------------------------------------------------
Station    | Tries   | Success | Collisions | Throughput (bps) | Avg Delay (ms) | Backoff (ms)  
----------------------------------------------------------------------------------------------------
Station 01 | 29      | 5       | 24         |      2129.71 bps | 233.45         | 828.00        
Station 02 | 22      | 5       | 17         |      2129.71 bps | 181.49         | 640.00        
Station 03 | 29      | 5       | 24         |      2129.71 bps | 224.05         | 792.00        
Station 04 | 26      | 5       | 21         |      2129.71 bps | 219.92         | 804.00        
Station 05 | 29      | 4       | 25         |      1703.76 bps | 101.03         | 804.00        
Station 06 | 26      | 5       | 21         |      2129.71 bps | 208.34         | 716.00        
Station 07 | 27      | 5       | 22         |      2129.71 bps | 228.64         | 812.00        
Station 08 | 29      | 5       | 24         |      2129.71 bps | 236.67         | 848.00        
Station 09 | 18      | 5       | 13         |      2129.71 bps | 111.13         | 340.00        
Station 10 | 14      | 5       | 9          |      2129.71 bps | 92.40          | 304.00        
==========================================================================
GLOBAL SIMULATION PERFORMANCE SUMMARY
--------------------------------------------------------------------------
Elapsed Simulation Time    : 1.202 seconds
Total Frame Attempts       : 249
Total Frames Delivered     : 49
Total Collisions Detected  : 127
Total 32-bit Jam Signals   : 0
Throughput Delivered       : 20871.12 bps (20.87 kbps)
Channel Physical Capacity  : 64000.00 bps (64.00 kbps)
Channel Access Efficiency  : 32.61%
Delivery Success Ratio     : 98.0%
==========================================================================

